C51 COMPILER V9.57.0.0   MAIN                                                              01/31/2026 19:26:53 PAGE 1   


C51 COMPILER V9.57.0.0, COMPILATION OF MODULE MAIN
OBJECT MODULE PLACED IN main.OBJ
COMPILER INVOKED BY: E:\keil_c51\C51\BIN\C51.exe main.c INCDIR(.)

line level    source

   1          #include "public/public.h"
   2          #include "monitor/monitor.h"
   3          #include "bluetooth/bluetooth.h"
   4          #include "sonic/sonic.h"
   5          #include "lcd/lcd.h"
   6          
   7          
   8          // 主函数
   9          void main(void) {
  10   1      
  11   1          TR = 0;
  12   1              EC = 0;
  13   1              delay_ms(2000);                 //系统等待硬件就绪
  14   1              init_LCD1602();
  15   1              show_ready();
  16   1              time_config();
  17   1      
  18   1      
  19   1          // 初始化引脚
  20   1          MOTOR_A_IA = 0;
  21   1          MOTOR_A_IB = 0;
  22   1          MOTOR_B_IA = 0;
  23   1          MOTOR_B_IB = 0;
  24   1      
  25   1          MOTOR_C_IA = 0;
  26   1          MOTOR_C_IB = 0;
  27   1          MOTOR_D_IA = 0;
  28   1          MOTOR_D_IB = 0;
  29   1          LED = 0;
  30   1          
  31   1          // 初始化串口
  32   1          UART_Init();
  33   1          Timer0_Init();
  34   1          
  35   1          // 发送启动信息
  36   1          UART_SendString("HC-08电机控制系统就绪\r\n");
  37   1          UART_SendString("命令: F-前进 B-后退 L-左转 R-右转 S-停止\r\n");
  38   1          
  39   1          while(1) {
  40   2              // 主循环，中断处理接收
  41   2              // 可以添加其他功能，如按键检测等
  42   2              send_start_sfr();               //发送开始信号
  43   2              while(!EC);                                     //等待收到高电平
  44   2              T2CON |= 0x04;                                  //Timer2 开始计时（超声波，TR2=1）
  45   2              if(!flag)
  46   2                  while(EC);
  47   2              T2CON &= ~0x04;                                 //Timer2 停止计时
  48   2              Display();                                      //显示对应数据
  49   2              delay_ms(3000);
  50   2          }
  51   1      }


MODULE INFORMATION:   STATIC OVERLAYABLE
   CODE SIZE        =     95    ----
C51 COMPILER V9.57.0.0   MAIN                                                              01/31/2026 19:26:53 PAGE 2   

   CONSTANT SIZE    =     87    ----
   XDATA SIZE       =   ----    ----
   PDATA SIZE       =   ----    ----
   DATA SIZE        =   ----    ----
   IDATA SIZE       =   ----    ----
   BIT SIZE         =   ----    ----
END OF MODULE INFORMATION.


C51 COMPILATION COMPLETE.  0 WARNING(S),  0 ERROR(S)
