C51 COMPILER V9.57.0.0   PUBLIC                                                            01/31/2026 18:51:24 PAGE 1   


C51 COMPILER V9.57.0.0, COMPILATION OF MODULE PUBLIC
OBJECT MODULE PLACED IN public\public.OBJ
COMPILER INVOKED BY: E:\keil_c51\C51\BIN\C51.exe public\public.c INCDIR(.)

line level    source

   1          #include <reg52.h>
   2          #include <intrins.h>
   3          #include "public.h"
   4          
   5          bit pwm_enable = 0;
   6          unsigned char motor_direction = 0;  // 0=停止, 1=前进, 2=后退, 3=左转, 4=右转
   7          void delay_10us()
   8          {
   9   1              unsigned char i;
  10   1      
  11   1              i = 10;
  12   1              while (--i);
  13   1      }
  14          
  15          void delay_ms(unsigned int ms) {  
  16   1          unsigned int i, j;
  17   1          for(i = 0; i < ms; i++)
  18   1              for(j = 0; j < 123; j++);
  19   1      }


MODULE INFORMATION:   STATIC OVERLAYABLE
   CODE SIZE        =     37    ----
   CONSTANT SIZE    =   ----    ----
   XDATA SIZE       =   ----    ----
   PDATA SIZE       =   ----    ----
   DATA SIZE        =      1    ----
   IDATA SIZE       =   ----    ----
   BIT SIZE         =      1    ----
END OF MODULE INFORMATION.


C51 COMPILATION COMPLETE.  0 WARNING(S),  0 ERROR(S)
