C51 COMPILER V9.57.0.0   PWM                                                               01/31/2026 19:26:53 PAGE 1   


C51 COMPILER V9.57.0.0, COMPILATION OF MODULE PWM
OBJECT MODULE PLACED IN pwm\pwm.OBJ
COMPILER INVOKED BY: E:\keil_c51\C51\BIN\C51.exe pwm\pwm.c INCDIR(.)

line level    source

   1          #include <reg52.h>
   2          #include <stdio.h>
   3          #include "pwm.h"
   4          #include "monitor/monitor.h"
   5          #include "bluetooth/bluetooth.h"
   6          
   7          // 全局变量
   8          unsigned char pwm = 8;           // 默认挡位3对应80%占空比
   9          unsigned char speed_level = 3;   // 当前挡位 1-5
  10          unsigned char pwm_counter = 0;
  11          
  12          // 5个挡位对应的PWM值：60%, 70%, 80%, 90%, 100%
  13          unsigned char code pwm_table[5] = {6, 7, 8, 9, 10};
  14          
  15          // ============ 设置电机速度 ============
  16          void MotorSpeedSet(unsigned char speed) {
  17   1          
  18   1          switch(speed) {
  19   2              case '1': 
  20   2              case 1: 
  21   2                  if(speed_level < 5) speed_level++;  // 加速，最大5挡
  22   2                  break;
  23   2              case '2': 
  24   2              case 2: 
  25   2                  if(speed_level > 1) speed_level--;  // 减速，最小1挡
  26   2                  break;
  27   2              default:
  28   2                  speed_level = 3;  // 默认3挡
  29   2                  break;
  30   2          }
  31   1          // 根据挡位设置PWM值
  32   1          pwm = pwm_table[speed_level - 1];
  33   1          
  34   1          // 如果还没设置方向，默认前进
  35   1          if(motor_direction == 0) {
  36   2              motor_direction = 1;
  37   2          }
  38   1          // 设置速度后使能电机
  39   1          pwm_enable = 1;
  40   1          // 反馈设置的速度
  41   1          UART_SendString("挡位: ");
  42   1          UART_SendChar(speed_level + '0');
  43   1          UART_SendString(" (占空比 ");
  44   1          if(pwm == 10) {
  45   2              UART_SendString("100");
  46   2          } else {
  47   2              UART_SendChar(pwm + '0');
  48   2              UART_SendChar('0');
  49   2          }
  50   1          UART_SendString("%)\r\n");
  51   1      }


MODULE INFORMATION:   STATIC OVERLAYABLE
   CODE SIZE        =    122    ----
C51 COMPILER V9.57.0.0   PWM                                                               01/31/2026 19:26:53 PAGE 2   

   CONSTANT SIZE    =     36    ----
   XDATA SIZE       =   ----    ----
   PDATA SIZE       =   ----    ----
   DATA SIZE        =      3    ----
   IDATA SIZE       =   ----    ----
   BIT SIZE         =   ----    ----
END OF MODULE INFORMATION.


C51 COMPILATION COMPLETE.  0 WARNING(S),  0 ERROR(S)
