C51 COMPILER V9.57.0.0   MONITOR                                                           01/31/2026 19:20:07 PAGE 1   


C51 COMPILER V9.57.0.0, COMPILATION OF MODULE MONITOR
OBJECT MODULE PLACED IN monitor\monitor.OBJ
COMPILER INVOKED BY: E:\keil_c51\C51\BIN\C51.exe monitor\monitor.c INCDIR(.)

line level    source

   1          #include "public/public.h"
   2          #include "bluetooth/bluetooth.h"
   3          #include "monitor.h"
   4          #include "pwm/pwm.h"
   5          
   6          
   7          // 电机控制函数
   8          void Motor_Stop(void) {
   9   1          MOTOR_A_IA = 0;
  10   1          MOTOR_A_IB = 0;
  11   1          MOTOR_B_IA = 0;
  12   1          MOTOR_B_IB = 0;
  13   1      
  14   1      
  15   1          MOTOR_C_IA = 0;
  16   1          MOTOR_C_IB = 0;
  17   1          MOTOR_D_IA = 0;
  18   1          MOTOR_D_IB = 0;
  19   1      }
  20          
  21          void Motor_Forward(void) {
  22   1          // 左侧电机 A、C 正转
  23   1          MOTOR_A_IA = 1;
  24   1          MOTOR_A_IB = 0;
  25   1          MOTOR_C_IA = 1;
  26   1          MOTOR_C_IB = 0;
  27   1      
  28   1          // 右侧电机 B、D 正转（安装方向相反，信号反过来）
  29   1          MOTOR_B_IA = 0;
  30   1          MOTOR_B_IB = 1;
  31   1          MOTOR_D_IA = 0;
  32   1          MOTOR_D_IB = 1;
  33   1      }
  34          
  35          void Motor_Backward(void) {
  36   1          // 左侧电机 A、C 反转
  37   1          MOTOR_A_IA = 0;
  38   1          MOTOR_A_IB = 1;
  39   1          MOTOR_C_IA = 0;
  40   1          MOTOR_C_IB = 1;
  41   1      
  42   1          // 右侧电机 B、D 反转（安装方向相反，信号反过来）
  43   1          MOTOR_B_IA = 1;
  44   1          MOTOR_B_IB = 0;
  45   1          MOTOR_D_IA = 1;
  46   1          MOTOR_D_IB = 0;
  47   1      }
  48          
  49          void Motor_TurnLeft(void) {
  50   1          // 左转：左轮停止，右轮正转
  51   1          // 左侧 A、C 停止
  52   1          MOTOR_A_IA = 0;
  53   1          MOTOR_A_IB = 0;
  54   1          MOTOR_C_IA = 0;
  55   1          MOTOR_C_IB = 0;
C51 COMPILER V9.57.0.0   MONITOR                                                           01/31/2026 19:20:07 PAGE 2   

  56   1      
  57   1          // 右侧 B、D 正转（安装方向相反，信号反过来）
  58   1          MOTOR_B_IA = 0;
  59   1          MOTOR_B_IB = 1;
  60   1          MOTOR_D_IA = 0;
  61   1          MOTOR_D_IB = 1;
  62   1      }
  63          
  64          void Motor_TurnRight(void) {
  65   1          // 右转：左轮正转，右轮停止
  66   1          // 左侧 A、C 正转
  67   1          MOTOR_A_IA = 1;
  68   1          MOTOR_A_IB = 0;
  69   1          MOTOR_C_IA = 1;
  70   1          MOTOR_C_IB = 0;
  71   1      
  72   1          // 右侧 B、D 停止
  73   1          MOTOR_B_IA = 0;
  74   1          MOTOR_B_IB = 0;
  75   1          MOTOR_D_IA = 0;
  76   1          MOTOR_D_IB = 0;
  77   1      }
  78          
  79          
  80          
  81          // 定时器初始化（用于产生PWM）
  82          void Timer0_Init(void) {
  83   1          TMOD &= 0xF0; 
  84   1          TMOD |= 0x01;      // 定时器0，模式1（16位定时器）
  85   1          // 设置定时器初值，产生约10KHz的PWM
  86   1          TH0 = 0xFC;  // 100us中断一次 -> 10KHz
  87   1          TL0 = 0x73;
  88   1          ET0 = 1;           // 使能定时器0中断
  89   1          TR0 = 1;           // 启动定时器0
  90   1          EA = 1;            // 开启总中断
  91   1      }
  92          
  93          
  94          // 根据 motor_direction 执行对应的电机动作
  95          static void Motor_Run(void) {
  96   1          switch(motor_direction) {
  97   2              case 1: Motor_Forward();  break;
  98   2              case 2: Motor_Backward(); break;
  99   2              case 3: Motor_TurnLeft(); break;
 100   2              case 4: Motor_TurnRight(); break;
 101   2              default: Motor_Stop();    break;
 102   2          }
 103   1      }
 104          
 105          // 定时器0中断服务函数
 106          void Timer0_ISR(void) interrupt 1 {
 107   1          static unsigned char counter = 0;
 108   1          
 109   1          TH0 = 0xFC;          // 重装初值
 110   1          TL0 = 0x73;
 111   1          
 112   1          // PWM周期为10ms（10个1ms中断）
 113   1          if(++counter >= 10) {
 114   2              counter = 0;
 115   2          }
 116   1          // PWM控制逻辑
 117   1          if(pwm_enable) { 
C51 COMPILER V9.57.0.0   MONITOR                                                           01/31/2026 19:20:07 PAGE 3   

 118   2              if(motor_direction == 0 || pwm == 0) {
 119   3                  // 停止或占空比为0%
 120   3                  Motor_Stop();
 121   3              } 
 122   2              else if(pwm == 10) {
 123   3                  // 占空比为100%，电机一直转
 124   3                  Motor_Run();
 125   3              }
 126   2              else {
 127   3                  // 根据占空比控制电机
 128   3                  if(counter < pwm) {
 129   4                      Motor_Run();      // 高电平期间电机转
 130   4                  } else {
 131   4                      Motor_Stop();     // 低电平期间电机停
 132   4                  }
 133   3              }
 134   2          }
 135   1      }


MODULE INFORMATION:   STATIC OVERLAYABLE
   CODE SIZE        =    198    ----
   CONSTANT SIZE    =   ----    ----
   XDATA SIZE       =   ----    ----
   PDATA SIZE       =   ----    ----
   DATA SIZE        =      1    ----
   IDATA SIZE       =   ----    ----
   BIT SIZE         =   ----    ----
END OF MODULE INFORMATION.


C51 COMPILATION COMPLETE.  0 WARNING(S),  0 ERROR(S)
