C51 COMPILER V9.57.0.0   LCD                                                               01/31/2026 19:05:59 PAGE 1   


C51 COMPILER V9.57.0.0, COMPILATION OF MODULE LCD
OBJECT MODULE PLACED IN lcd\lcd.OBJ
COMPILER INVOKED BY: E:\keil_c51\C51\BIN\C51.exe lcd\lcd.c INCDIR(.)

line level    source

   1          #include "public/public.h"
   2          #include "lcd.h"
   3          
   4          
   5          
   6          #define LCD1602_PORT P0
   7          sbit LCD1602_RS = P1^4;
   8          sbit LCD1602_WR = P1^3;
   9          sbit LCD1602_EN = P1^2;
  10          
  11          
  12          
  13          void LCD1602_write_com(u8 com){
  14   1          LCD1602_RS = 0;
  15   1          LCD1602_WR = 0;
  16   1          LCD1602_EN = 1;
  17   1          delay_ms(1);
  18   1          LCD1602_PORT = com;
  19   1          LCD1602_EN = 0;
  20   1          delay_ms(1);
  21   1      }
  22          
  23          void LCD1602_write_data(u8 dat){
  24   1          LCD1602_RS = 1;
  25   1          LCD1602_WR = 0;
  26   1          LCD1602_EN = 1;
  27   1          LCD1602_PORT = dat;
  28   1          delay_ms(1);
  29   1          LCD1602_EN = 0;
  30   1      }
  31          
  32          void LCD1602_write_word(u8 *s){
  33   1          while(*s > 0){
  34   2              LCD1602_write_data(*s);
  35   2              s++;
  36   2          }
  37   1      }
  38          
  39          
  40          void init_LCD1602(){
  41   1          LCD1602_write_com(0x38);
  42   1          LCD1602_write_com(0x0F);
  43   1          LCD1602_write_com(0x06);
  44   1          LCD1602_write_com(0x01);
  45   1      }
  46          
  47          void show_ready(){
  48   1          LCD1602_write_com(0x80);
  49   1          LCD1602_write_word(" speed: ");
  50   1          LCD1602_write_com(0x80+0x40);
  51   1          LCD1602_write_word(" world ");
  52   1      }


MODULE INFORMATION:   STATIC OVERLAYABLE
C51 COMPILER V9.57.0.0   LCD                                                               01/31/2026 19:05:59 PAGE 2   

   CODE SIZE        =    131    ----
   CONSTANT SIZE    =     17    ----
   XDATA SIZE       =   ----    ----
   PDATA SIZE       =   ----    ----
   DATA SIZE        =   ----       4
   IDATA SIZE       =   ----    ----
   BIT SIZE         =   ----    ----
END OF MODULE INFORMATION.


C51 COMPILATION COMPLETE.  0 WARNING(S),  0 ERROR(S)
